2026-07-25 09:33:31,249 - INFO - ============================================================
2026-07-25 09:33:31,249 - INFO - Day 32 Started
2026-07-25 09:33:31,249 - INFO - Connecting database
2026-07-25 09:33:31,255 - INFO - Loading companies...
2026-07-25 09:33:31,270 - INFO - Loading capital allocation report...
2026-07-25 09:33:31,277 - INFO - Loading cashflow intelligence...
2026-07-25 09:33:31,637 - INFO - Verifying capital allocation...
2026-07-25 09:33:31,651 - INFO - {'expected_companies': 92, 'actual_companies': 100, 'minimum_years': np.int64(2), 'maximum_years': np.int64(24), 'average_years': np.float64(11.64)}
2026-07-25 09:33:31,652 - INFO - Generating distribution summary...
2026-07-25 09:33:31,658 - ERROR - 'capital_allocation_pattern'
Traceback (most recent call last):
  File "D:\BlueStock Internship Project\Nifty100_Financial_Intelligence_Platform\src\analytics\capital_allocation_report.py", line 550, in main
    generate_distribution_summary(
    ~~~~~~~~~~~~~~~~~~~~~~~~~~~~~^
    
    
        capital_df
        ^^^^^^^^^^
    
    
    )
    ^
  File "D:\BlueStock Internship Project\Nifty100_Financial_Intelligence_Platform\src\analytics\capital_allocation_report.py", line 186, in generate_distribution_summary
    .groupby(
     ~~~~~~~^
        "capital_allocation_pattern"
        ^^^^^^^^^^^^^^^^^^^^^^^^^^^^
    )
    ^
  File "D:\BlueStock Internship Project\Nifty100_Financial_Intelligence_Platform\venv\Lib\site-packages\pandas\util\_decorators.py", line 336, in wrapper
    return func(*args, **kwargs)
  File "D:\BlueStock Internship Project\Nifty100_Financial_Intelligence_Platform\venv\Lib\site-packages\pandas\core\frame.py", line 10833, in groupby
    return DataFrameGroupBy(
        obj=self,
    ...<6 lines>...
        dropna=dropna,
    )
  File "D:\BlueStock Internship Project\Nifty100_Financial_Intelligence_Platform\venv\Lib\site-packages\pandas\core\groupby\groupby.py", line 1095, in __init__
    grouper, exclusions, obj = get_grouper(
                               ~~~~~~~~~~~^
        obj,
        ^^^^
    ...<4 lines>...
        dropna=self.dropna,
        ^^^^^^^^^^^^^^^^^^^
    )
    ^
  File "D:\BlueStock Internship Project\Nifty100_Financial_Intelligence_Platform\venv\Lib\site-packages\pandas\core\groupby\grouper.py", line 901, in get_grouper
    raise KeyError(gpr)
KeyError: 'capital_allocation_pattern'
2026-07-25 09:43:06,012 - INFO - ============================================================
2026-07-25 09:43:06,015 - INFO - Day 32 Started
2026-07-25 09:43:06,015 - INFO - Connecting database
2026-07-25 09:43:06,033 - INFO - Loading companies...
2026-07-25 09:43:06,063 - INFO - Loading capital allocation report...
2026-07-25 09:43:06,097 - INFO - Loading cashflow intelligence...
2026-07-25 09:43:06,910 - INFO - Verifying capital allocation...
2026-07-25 09:43:06,983 - INFO - {'expected_companies': 92, 'actual_companies': 100, 'minimum_years': np.int64(2), 'maximum_years': np.int64(24), 'average_years': np.float64(11.64)}
2026-07-25 09:43:06,984 - INFO - Generating distribution summary...
2026-07-25 09:43:07,020 - INFO - Latest Year : Sep 2024
2026-07-25 09:43:07,021 - INFO - Patterns : 1
2026-07-25 09:43:07,021 - INFO - Updating Cash Flow Intelligence...
2026-07-25 09:43:07,036 - INFO - Cash Flow Intelligence updated.
2026-07-25 09:43:07,036 - INFO - Generating pattern changes...
2026-07-25 09:43:07,199 - INFO - Pattern changes found: 463
2026-07-25 09:43:07,269 - INFO - Reports saved successfully.
2026-07-25 09:43:07,274 - INFO - Day 32 Completed Successfully.
2026-07-25 09:58:27,472 - INFO - ============================================================
2026-07-25 09:58:27,473 - INFO - Day 32 Started
2026-07-25 09:58:27,473 - INFO - Connecting database
2026-07-25 09:58:27,476 - INFO - Loading companies...
2026-07-25 09:58:27,498 - INFO - Loading capital allocation report...
2026-07-25 09:58:27,508 - INFO - Loading cashflow intelligence...
2026-07-25 09:58:28,114 - INFO - Verifying capital allocation...
2026-07-25 09:58:28,143 - INFO - {'expected_companies': 92, 'actual_companies': 91, 'extra_companies': 9, 'missing_companies': 1, 'minimum_years': np.int64(2), 'maximum_years': np.int64(24), 'average_years': np.float64(11.64)}
2026-07-25 09:58:28,145 - WARNING - Extra Companies: ['AGTL', 'ULTRACEMCO', 'UNIONBANK', 'UNITDSPR', 'VBL', 'VEDL', 'WIPRO', 'ZOMATO', 'ZYDUSLIFE']
2026-07-25 09:58:28,145 - WARNING - Missing Companies: ['ATGL']
2026-07-25 09:58:28,145 - INFO - Generating distribution summary...
2026-07-25 09:58:28,172 - INFO - Updating Cash Flow Intelligence...
2026-07-25 09:58:28,186 - INFO - Cash Flow Intelligence updated.
2026-07-25 09:58:28,186 - INFO - Generating pattern changes...
2026-07-25 09:58:28,449 - INFO - Reports saved successfully.
2026-07-25 09:58:28,455 - INFO - Day 32 Completed Successfully.
2026-07-25 10:03:26,458 - INFO - ============================================================
2026-07-25 10:03:26,459 - INFO - Day 32 Started
2026-07-25 10:03:26,459 - INFO - Connecting database
2026-07-25 10:03:26,465 - INFO - Loading companies...
2026-07-25 10:03:26,493 - INFO - Loading capital allocation report...
2026-07-25 10:03:26,503 - INFO - Loading cashflow intelligence...
2026-07-25 10:03:26,908 - INFO - Verifying capital allocation...
2026-07-25 10:03:26,934 - INFO - {'expected_companies': 92, 'actual_companies': 91, 'extra_companies': 9, 'missing_companies': 1, 'minimum_years': np.int64(2), 'maximum_years': np.int64(24), 'average_years': np.float64(11.64)}
2026-07-25 10:03:26,934 - WARNING - Extra Companies: ['AGTL', 'ULTRACEMCO', 'UNIONBANK', 'UNITDSPR', 'VBL', 'VEDL', 'WIPRO', 'ZOMATO', 'ZYDUSLIFE']
2026-07-25 10:03:26,934 - WARNING - Missing Companies: ['ATGL']
2026-07-25 10:03:26,937 - INFO - Generating distribution summary...
2026-07-25 10:03:26,963 - INFO - Updating Cash Flow Intelligence...
2026-07-25 10:03:26,975 - INFO - Cash Flow Intelligence updated.
2026-07-25 10:03:26,975 - INFO - Generating pattern changes...
2026-07-25 10:03:27,191 - INFO - Reports saved successfully.
2026-07-25 10:03:27,197 - INFO - Day 32 Completed Successfully.
2026-07-25 10:06:56,333 - INFO - ============================================================
2026-07-25 10:06:56,334 - INFO - Day 32 Started
2026-07-25 10:06:56,334 - INFO - Connecting database
2026-07-25 10:06:56,344 - INFO - Loading companies...
2026-07-25 10:06:56,383 - INFO - Loading capital allocation report...
2026-07-25 10:06:56,397 - INFO - Loading cashflow intelligence...
2026-07-25 10:06:56,854 - INFO - Verifying capital allocation...
2026-07-25 10:06:56,886 - INFO - {'expected_companies': 92, 'actual_companies': 91, 'extra_companies': 9, 'missing_companies': 1, 'minimum_years': np.int64(2), 'maximum_years': np.int64(24), 'average_years': np.float64(11.64)}
2026-07-25 10:06:56,887 - WARNING - Extra Companies: ['AGTL', 'ULTRACEMCO', 'UNIONBANK', 'UNITDSPR', 'VBL', 'VEDL', 'WIPRO', 'ZOMATO', 'ZYDUSLIFE']
2026-07-25 10:06:56,887 - WARNING - Missing Companies: ['ATGL']
2026-07-25 10:06:56,891 - INFO - Generating distribution summary...
2026-07-25 10:06:56,930 - INFO - Updating Cash Flow Intelligence...
2026-07-25 10:06:56,950 - INFO - Cash Flow Intelligence updated.
2026-07-25 10:06:56,950 - INFO - Generating pattern changes...
2026-07-25 10:06:57,199 - INFO - Reports saved successfully.
2026-07-25 10:06:57,205 - INFO - Day 32 Completed Successfully.
2026-07-25 10:10:30,763 - INFO - ============================================================
2026-07-25 10:10:30,764 - INFO - Day 32 Started
2026-07-25 10:10:30,764 - INFO - Connecting database
2026-07-25 10:10:30,770 - INFO - Loading companies...
2026-07-25 10:10:30,790 - INFO - Loading capital allocation report...
2026-07-25 10:10:30,798 - INFO - Loading cashflow intelligence...
2026-07-25 10:10:31,111 - INFO - Verifying capital allocation...
2026-07-25 10:10:31,135 - INFO - Generating distribution summary...
2026-07-25 10:10:31,151 - INFO - Updating Cash Flow Intelligence...
2026-07-25 10:10:31,160 - INFO - Cash Flow Intelligence updated.
2026-07-25 10:10:31,160 - INFO - Generating pattern changes...
2026-07-25 10:10:31,341 - INFO - Reports saved successfully.
2026-07-25 10:10:31,345 - INFO - Day 32 Completed Successfully.
2026-07-25 10:16:19,238 - INFO - ============================================================
2026-07-25 10:16:19,239 - INFO - Day 32 Started
2026-07-25 10:16:19,239 - INFO - Connecting database
2026-07-25 10:16:19,245 - INFO - Loading companies...
2026-07-25 10:16:19,274 - INFO - Loading capital allocation report...
2026-07-25 10:16:19,313 - INFO - Loading cashflow intelligence...
2026-07-25 10:16:19,609 - INFO - Verifying capital allocation...
2026-07-25 10:16:19,631 - INFO - Generating distribution summary...
2026-07-25 10:16:19,645 - INFO - Updating Cash Flow Intelligence...
2026-07-25 10:16:19,652 - INFO - Cash Flow Intelligence updated.
2026-07-25 10:16:19,652 - INFO - Generating pattern changes...
2026-07-25 10:16:19,847 - INFO - Reports saved successfully.
2026-07-25 10:16:19,853 - INFO - Day 32 Completed Successfully.
2026-07-25 10:23:37,239 | INFO | ============================================================
2026-07-25 10:23:37,240 | INFO | Sprint 5 Day 32 Started
2026-07-25 10:23:37,240 | INFO | Connecting database...
2026-07-25 10:23:37,291 | INFO | Companies Loaded : 92
2026-07-25 10:23:37,308 | INFO | Capital Allocation Rows : 1164
2026-07-25 10:23:37,648 | INFO | Cashflow Intelligence Rows : 92
2026-07-25 10:23:37,648 | INFO | Running Verification...
2026-07-25 10:23:37,668 | INFO | {'expected_companies': 92, 'found_companies': 92, 'extra_companies': 8, 'missing_companies': 0, 'extra_ids': ['ULTRACEMCO', 'UNIONBANK', 'UNITDSPR', 'VBL', 'VEDL', 'WIPRO', 'ZOMATO', 'ZYDUSLIFE'], 'missing_ids': [], 'minimum_years': 2, 'maximum_years': 24, 'average_years': np.float64(11.68)}
2026-07-25 10:23:37,669 | INFO | Generating Distribution Summary...
2026-07-25 10:23:37,686 | INFO | Distribution Generated.
2026-07-25 10:23:37,686 | INFO | Updating Cashflow Intelligence...
2026-07-25 10:23:37,690 | INFO | Cashflow Updated.
2026-07-25 10:23:37,691 | INFO | Generating Pattern Changes...
2026-07-25 10:23:37,808 | INFO | Pattern Changes : 423
2026-07-25 10:23:37,891 | INFO | Reports Saved.
2026-07-25 10:23:37,895 | INFO | Sprint 5 Day 32 Completed Successfully.
2026-07-25 10:32:32,767 | INFO | ============================================================
2026-07-25 10:32:32,767 | INFO | Sprint 5 Day 32 Started
2026-07-25 10:32:32,768 | INFO | Connecting database...
2026-07-25 10:32:32,833 | INFO | Companies Loaded : 92
2026-07-25 10:32:32,859 | INFO | Capital Allocation Rows : 1164
2026-07-25 10:32:33,441 | INFO | Cashflow Intelligence Rows : 92
2026-07-25 10:32:33,441 | INFO | Running Verification...
2026-07-25 10:32:33,470 | INFO | {'expected_companies': 92, 'found_companies': 92, 'extra_companies': 8, 'missing_companies': 0, 'extra_ids': ['ULTRACEMCO', 'UNIONBANK', 'UNITDSPR', 'VBL', 'VEDL', 'WIPRO', 'ZOMATO', 'ZYDUSLIFE'], 'missing_ids': [], 'minimum_years': 2, 'maximum_years': 24, 'average_years': np.float64(11.68), 'low_history': [('JIOFIN', 2)]}
2026-07-25 10:32:33,470 | INFO | Generating Distribution Summary...
2026-07-25 10:32:33,493 | INFO | Distribution Generated.
2026-07-25 10:32:33,493 | INFO | Updating Cashflow Intelligence...
2026-07-25 10:32:33,498 | INFO | Cashflow Updated.
2026-07-25 10:32:33,498 | INFO | Generating Pattern Changes...
2026-07-25 10:32:33,674 | INFO | Pattern Changes : 423
2026-07-25 10:32:33,803 | INFO | Reports Saved.
2026-07-25 10:32:33,809 | INFO | Sprint 5 Day 32 Completed Successfully.
2026-07-25 10:37:01,114 | INFO | ============================================================
2026-07-25 10:37:01,114 | INFO | Sprint 5 Day 32 Started
2026-07-25 10:37:01,114 | INFO | Connecting database...
2026-07-25 10:37:01,127 | INFO | Companies Loaded : 92
2026-07-25 10:37:01,133 | INFO | Capital Allocation Rows : 1164
2026-07-25 10:37:01,448 | INFO | Cashflow Intelligence Rows : 92
2026-07-25 10:37:01,448 | INFO | Running Verification...
2026-07-25 10:37:01,470 | INFO | {'expected_companies': 92, 'found_companies': 92, 'extra_companies': 8, 'missing_companies': 0, 'extra_ids': ['ULTRACEMCO', 'UNIONBANK', 'UNITDSPR', 'VBL', 'VEDL', 'WIPRO', 'ZOMATO', 'ZYDUSLIFE'], 'missing_ids': [], 'minimum_years': 2, 'maximum_years': 24, 'average_years': np.float64(11.68), 'low_history': [('JIOFIN', 2)]}
2026-07-25 10:37:01,471 | INFO | Generating Distribution Summary...
2026-07-25 10:37:01,495 | INFO | Distribution Generated.
2026-07-25 10:37:01,495 | INFO | Updating Cashflow Intelligence...
2026-07-25 10:37:01,499 | INFO | Cashflow Updated.
2026-07-25 10:37:01,499 | INFO | Generating Pattern Changes...
2026-07-25 10:37:01,607 | INFO | Pattern Changes : 423
2026-07-25 10:37:01,682 | INFO | Reports Saved.
2026-07-25 10:37:01,687 | INFO | Sprint 5 Day 32 Completed Successfully.
